\BOOKMARK [1][-]{section.0.1}{\376\377\060\157\060\130\060\201\060\153}{}% 1
\BOOKMARK [1][-]{section.0.2}{\376\377\117\177\060\104\145\271}{}% 2
\BOOKMARK [2][-]{subsection.0.2.1}{\376\377\116\325\175\104\060\177}{section.0.2}% 3
\BOOKMARK [0][-]{chapter.1}{\376\377\145\160}{}% 4
\BOOKMARK [1][-]{section.1.1}{\376\377\201\352\161\066\145\160}{chapter.1}% 5
\BOOKMARK [2][-]{subsection.1.1.1}{\376\377\122\240\154\325}{section.1.1}% 6
\BOOKMARK [2][-]{subsection.1.1.2}{\376\377\156\033\154\325}{section.1.1}% 7
\BOOKMARK [2][-]{subsection.1.1.3}{\376\377\116\127\154\325}{section.1.1}% 8
\BOOKMARK [2][-]{subsection.1.1.4}{\376\377\226\144\154\325}{section.1.1}% 9
\BOOKMARK [1][-]{section.1.2}{\376\377\145\164\145\160}{chapter.1}% 10
\BOOKMARK [2][-]{subsection.1.2.1}{\376\377\122\240\156\033\154\325}{section.1.2}% 11
\BOOKMARK [2][-]{subsection.1.2.2}{\376\377\116\127\154\325}{section.1.2}% 12
\BOOKMARK [2][-]{subsection.1.2.3}{\376\377\226\144\154\325}{section.1.2}% 13
\BOOKMARK [1][-]{section.1.3}{\376\377\147\011\164\006\145\160}{chapter.1}% 14
\BOOKMARK [2][-]{subsection.1.3.1}{\376\377\122\240\156\033\154\325}{section.1.3}% 15
\BOOKMARK [2][-]{subsection.1.3.2}{\376\377\116\127\226\144\154\325}{section.1.3}% 16
\BOOKMARK [1][-]{section.1.4}{\376\377\133\237\145\160}{chapter.1}% 17
\BOOKMARK [2][-]{subsection.1.4.1}{\376\377\122\006\153\315\060\156\147\011\164\006\123\026}{section.1.4}% 18
\BOOKMARK [1][-]{section.1.5}{\376\377\211\007\175\040\145\160}{chapter.1}% 19
\BOOKMARK [2][-]{subsection.1.5.1}{\376\377\122\240\156\033\154\325}{section.1.5}% 20
\BOOKMARK [2][-]{subsection.1.5.2}{\376\377\116\127\154\325}{section.1.5}% 21
\BOOKMARK [2][-]{subsection.1.5.3}{\376\377\226\144\154\325}{section.1.5}% 22
\BOOKMARK [1][-]{section.1.6}{\376\377\147\000\131\047\121\154\175\004\145\160}{chapter.1}% 23
\BOOKMARK [1][-]{section.1.7}{\376\377\000p\220\062\145\160}{chapter.1}% 24
\BOOKMARK [2][-]{subsection.1.7.1}{\376\377\0002\220\062\145\160}{section.1.7}% 25
\BOOKMARK [3][-]{section*.2}{\376\377\0002\220\062\145\160\060\156\131\011\143\333}{subsection.1.7.1}% 26
\BOOKMARK [3][-]{section*.3}{\376\377\0001\0000\220\062\145\160\060\156\131\011\143\333}{subsection.1.7.1}% 27
\BOOKMARK [3][-]{section*.4}{\376\377\0002\220\062\145\160\060\156\124\214}{subsection.1.7.1}% 28
\BOOKMARK [3][-]{section*.5}{\376\377\0002\220\062\145\160\060\156\135\356}{subsection.1.7.1}% 29
\BOOKMARK [3][-]{section*.6}{\376\377\0002\220\062\145\160\060\156\172\115}{subsection.1.7.1}% 30
\BOOKMARK [2][-]{subsection.1.7.2}{\376\377\0008\220\062\145\160}{section.1.7}% 31
\BOOKMARK [3][-]{section*.7}{\376\377\0008\220\062\145\160\060\156\131\011\143\333}{subsection.1.7.2}% 32
\BOOKMARK [3][-]{section*.8}{\376\377\0001\0000\220\062\145\160\060\156\131\011\143\333}{subsection.1.7.2}% 33
\BOOKMARK [2][-]{subsection.1.7.3}{\376\377\0001\0006\220\062\145\160}{section.1.7}% 34
\BOOKMARK [3][-]{section*.9}{\376\377\0001\0006\220\062\145\160\060\156\131\011\143\333}{subsection.1.7.3}% 35
\BOOKMARK [3][-]{section*.10}{\376\377\0001\0000\220\062\145\160\060\156\131\011\143\333}{subsection.1.7.3}% 36
\BOOKMARK [0][-]{chapter.2}{\376\377\131\032\230\005\137\017}{}% 37
\BOOKMARK [1][-]{section.2.1}{\376\377\122\240\156\033\154\325}{chapter.2}% 38
\BOOKMARK [1][-]{section.2.2}{\376\377\116\127\154\325}{chapter.2}% 39
\BOOKMARK [1][-]{section.2.3}{\376\377\226\144\154\325}{chapter.2}% 40
\BOOKMARK [1][-]{section.2.4}{\376\377\126\340\145\160\122\006\211\343\000\050\0002\153\041\137\017\000\051}{chapter.2}% 41
\BOOKMARK [1][-]{section.2.5}{\376\377\126\340\145\160\122\006\211\343\000\050\0003\153\041\137\017\000\051}{chapter.2}% 42
\BOOKMARK [1][-]{section.2.6}{\376\377\116\343\121\145\000\050\146\023\060\127\060\104\000\051}{chapter.2}% 43
\BOOKMARK [1][-]{section.2.7}{\376\377\116\343\121\145\000\050\226\343\060\127\060\104\000\051}{chapter.2}% 44
\BOOKMARK [1][-]{section.2.8}{\376\377\0001\153\041\145\271\172\013\137\017}{chapter.2}% 45
\BOOKMARK [1][-]{section.2.9}{\376\377\0002\153\041\145\271\172\013\137\017\000\040\126\340\145\160\122\006\211\343\122\051\165\050}{chapter.2}% 46
\BOOKMARK [1][-]{section.2.10}{\376\377\0001\153\041\116\015\173\111\137\017}{chapter.2}% 47
\BOOKMARK [1][-]{section.2.11}{\376\377\121\206\060\156\145\271\172\013\137\017}{chapter.2}% 48
\BOOKMARK [1][-]{section.2.12}{\376\377\160\271\060\150\166\364\175\332\060\156\215\335\226\342}{chapter.2}% 49
\BOOKMARK [0][-]{chapter.3}{\376\377\225\242\145\160}{}% 50
\BOOKMARK [1][-]{section.3.1}{\376\377\0002\153\041\225\242\145\160}{chapter.3}% 51
\BOOKMARK [2][-]{subsection.3.1.1}{\376\377\136\163\145\271\133\214\142\020\000\050\146\023\060\127\060\104\000\051}{section.3.1}% 52
\BOOKMARK [2][-]{subsection.3.1.2}{\376\377\136\163\145\271\133\214\142\020\000\050\226\343\060\127\060\104\000\051}{section.3.1}% 53
\BOOKMARK [2][-]{subsection.3.1.3}{\376\377\230\002\160\271\060\156\136\247\152\031\000\050\146\023\060\127\060\104\000\040\0001\000\051}{section.3.1}% 54
\BOOKMARK [2][-]{subsection.3.1.4}{\376\377\230\002\160\271\060\156\136\247\152\031\000\050\146\023\060\127\060\104\000\040\0002\000\051}{section.3.1}% 55
\BOOKMARK [2][-]{subsection.3.1.5}{\376\377\230\002\160\271\060\156\136\247\152\031\000\050\226\343\060\127\060\104\000\051}{section.3.1}% 56
\BOOKMARK [1][-]{section.3.2}{\376\377\116\011\211\322\225\242\145\160}{chapter.3}% 57
\BOOKMARK [2][-]{subsection.3.2.1}{\376\377\116\011\211\322\153\324\000\040\0003\0000\000,\000\040\0004\0005\000,\000\040\0006\0000}{section.3.2}% 58
\BOOKMARK [2][-]{subsection.3.2.2}{\376\377\116\011\211\322\153\324\000\040\0000\0001\0008\0000}{section.3.2}% 59
\BOOKMARK [2][-]{subsection.3.2.3}{\376\377\116\011\211\322\225\242\145\160\000\040\0000\0003\0006\0000}{section.3.2}% 60
\BOOKMARK [1][-]{section.3.3}{\376\377\137\256\172\115\122\006}{chapter.3}% 61
\BOOKMARK [2][-]{subsection.3.3.1}{\376\377\137\256\122\006\000\040\131\032\230\005\137\017}{section.3.3}% 62
\BOOKMARK [2][-]{subsection.3.3.2}{\376\377\116\015\133\232\172\115\122\006}{section.3.3}% 63
\BOOKMARK [2][-]{subsection.3.3.3}{\376\377\133\232\172\115\122\006}{section.3.3}% 64
